Script started on 2022-01-10 08:09:11+00:00 [TERM="xterm" TTY="/dev/pts/1" COLUMNS="168" LINES="59"]
]0;root@devops: /home/charistha/hari1/repo-githubroot@devops:/home/charistha/hari1/repo-github# sc[K[Kls sci[Kript
script.js
]0;root@devops: /home/charistha/hari1/repo-githubroot@devops:/home/charistha/hari1/repo-github# git ls
git: 'ls' is not a git command. See 'git --help'.

The most similar command is
	logs
]0;root@devops: /home/charistha/hari1/repo-githubroot@devops:/home/charistha/hari1/repo-github# git log
[?1h=[33mcommit 32a0c4caccbfaaf9506fcc0ac13c3ff1a923bfa6[m[33m ([m[1;36mHEAD -> [m[1;32mtesting[m[33m, [m[1;31morigin/main[m[33m, [m[1;31morigin/HEAD[m[33m, [m[1;32mprod[m[33m, [m[1;32mmain[m[33m)[m[m
Author: charisthaw <97424889+charisthaw@users.noreply.github.com>[m
Date:   Mon Jan 10 13:52:40 2022 +0700[m
[m
    Create fromGitHub.html[m
[m
[33mcommit c35e5ee35c714dc7cd74881acf4e83a5d21dc837[m[m
Author: charistha <charistha.white@gmail.com>[m
Date:   Mon Jan 10 06:32:27 2022 +0000[m
[m
    menambah file baru ke github[m
[m
[33mcommit 3fbc21ff478b21d4716d0bac963e1d8d514b5ef8[m[m
Author: charisthaw <97424889+charisthaw@users.noreply.github.com>[m
Date:   Mon Jan 10 13:20:21 2022 +0700[m
[m
    Initial commit[m
[K[?1l>]0;root@devops: /home/charistha/hari1/repo-githubroot@devops:/home/charistha/hari1/repo-github# 
]0;root@devops: /home/charistha/hari1/repo-githubroot@devops:/home/charistha/hari1/repo-github# 
]0;root@devops: /home/charistha/hari1/repo-githubroot@devops:/home/charistha/hari1/repo-github# 
]0;root@devops: /home/charistha/hari1/repo-githubroot@devops:/home/charistha/hari1/repo-github# 
]0;root@devops: /home/charistha/hari1/repo-githubroot@devops:/home/charistha/hari1/repo-github# 
]0;root@devops: /home/charistha/hari1/repo-githubroot@devops:/home/charistha/hari1/repo-github# 
]0;root@devops: /home/charistha/hari1/repo-githubroot@devops:/home/charistha/hari1/repo-github# 
]0;root@devops: /home/charistha/hari1/repo-githubroot@devops:/home/charistha/hari1/repo-github# 
]0;root@devops: /home/charistha/hari1/repo-githubroot@devops:/home/charistha/hari1/repo-github# 
]0;root@devops: /home/charistha/hari1/repo-githubroot@devops:/home/charistha/hari1/repo-github# 
]0;root@devops: /home/charistha/hari1/repo-githubroot@devops:/home/charistha/hari1/repo-github# 
]0;root@devops: /home/charistha/hari1/repo-githubroot@devops:/home/charistha/hari1/repo-github# git ec[K[Ke[Kcheckout prod
Switched to branch 'prod'
]0;root@devops: /home/charistha/hari1/repo-githubroot@devops:/home/charistha/hari1/repo-github# git status
On branch prod
Untracked files:
  (use "git add <file>..." to include in what will be committed)
	[31mls[m
	[31mscript/[m

nothing added to commit but untracked files present (use "git add" to track)
]0;root@devops: /home/charistha/hari1/repo-githubroot@devops:/home/charistha/hari1/repo-github# 
]0;root@devops: /home/charistha/hari1/repo-githubroot@devops:/home/charistha/hari1/repo-github# 
]0;root@devops: /home/charistha/hari1/repo-githubroot@devops:/home/charistha/hari1/repo-github# 
]0;root@devops: /home/charistha/hari1/repo-githubroot@devops:/home/charistha/hari1/repo-github# 
]0;root@devops: /home/charistha/hari1/repo-githubroot@devops:/home/charistha/hari1/repo-github# 
]0;root@devops: /home/charistha/hari1/repo-githubroot@devops:/home/charistha/hari1/repo-github# git checkout testing
Switched to branch 'testing'
]0;root@devops: /home/charistha/hari1/repo-githubroot@devops:/home/charistha/hari1/repo-github# git status
On branch testing
Untracked files:
  (use "git add <file>..." to include in what will be committed)
	[31mls[m
	[31mscript/[m

nothing added to commit but untracked files present (use "git add" to track)
]0;root@devops: /home/charistha/hari1/repo-githubroot@devops:/home/charistha/hari1/repo-github# 
]0;root@devops: /home/charistha/hari1/repo-githubroot@devops:/home/charistha/hari1/repo-github# 
]0;root@devops: /home/charistha/hari1/repo-githubroot@devops:/home/charistha/hari1/repo-github# 
]0;root@devops: /home/charistha/hari1/repo-githubroot@devops:/home/charistha/hari1/repo-github# 
]0;root@devops: /home/charistha/hari1/repo-githubroot@devops:/home/charistha/hari1/repo-github# 
]0;root@devops: /home/charistha/hari1/repo-githubroot@devops:/home/charistha/hari1/repo-github# 
]0;root@devops: /home/charistha/hari1/repo-githubroot@devops:/home/charistha/hari1/repo-github# ls
fromGitHub.html  index.html  ls  README.md  [0m[01;34mscript[0m
]0;root@devops: /home/charistha/hari1/repo-githubroot@devops:/home/charistha/hari1/repo-github# 
]0;root@devops: /home/charistha/hari1/repo-githubroot@devops:/home/charistha/hari1/repo-github# 
]0;root@devops: /home/charistha/hari1/repo-githubroot@devops:/home/charistha/hari1/repo-github# 
]0;root@devops: /home/charistha/hari1/repo-githubroot@devops:/home/charistha/hari1/repo-github# rm script
rm: cannot remove 'script': Is a directory
]0;root@devops: /home/charistha/hari1/repo-githubroot@devops:/home/charistha/hari1/repo-github# 
]0;root@devops: /home/charistha/hari1/repo-githubroot@devops:/home/charistha/hari1/repo-github# 
]0;root@devops: /home/charistha/hari1/repo-githubroot@devops:/home/charistha/hari1/repo-github# rm script /s[Kf
rm: cannot remove 'script': Is a directory
rm: cannot remove '/f': No such file or directory
]0;root@devops: /home/charistha/hari1/repo-githubroot@devops:/home/charistha/hari1/repo-github# rm script /f[K[K-f
rm: cannot remove 'script': Is a directory
]0;root@devops: /home/charistha/hari1/repo-githubroot@devops:/home/charistha/hari1/repo-github# 
]0;root@devops: /home/charistha/hari1/repo-githubroot@devops:/home/charistha/hari1/repo-github# 
]0;root@devops: /home/charistha/hari1/repo-githubroot@devops:/home/charistha/hari1/repo-github# 
]0;root@devops: /home/charistha/hari1/repo-githubroot@devops:/home/charistha/hari1/repo-github# 
]0;root@devops: /home/charistha/hari1/repo-githubroot@devops:/home/charistha/hari1/repo-github# 
]0;root@devops: /home/charistha/hari1/repo-githubroot@devops:/home/charistha/hari1/repo-github# branch

Command 'branch' not found, but can be installed with:

apt install rheolef

]0;root@devops: /home/charistha/hari1/repo-githubroot@devops:/home/charistha/hari1/repo-github# git braacn[K[Knc[K[K[Knch
[?1h=  main[m[m
  prod[m[m
* [32mtesting[m[m
[K[?1l>]0;root@devops: /home/charistha/hari1/repo-githubroot@devops:/home/charistha/hari1/repo-github# git a[K[K[K[K[Kgit push [K[K[K[K[Kremote -v
origin	https://github.com/charisthaw/repo-github.git (fetch)
origin	https://github.com/charisthaw/repo-github.git (push)
]0;root@devops: /home/charistha/hari1/repo-githubroot@devops:/home/charistha/hari1/repo-github# it[K[Kgit u[Ku[Kop[K[Kpush testing[K[K[K[K[K[K[Korigin prod[K[K[K[Ktesting
Username for 'https://github.com': charisthaw
Password for 'https://charisthaw@github.com': 
remote: Support for password authentication was removed on August 13, 2021. Please use a personal access token instead.
remote: Please see https://github.blog/2020-12-15-token-authentication-requirements-for-git-operations/ for more information.
fatal: Authentication failed for 'https://github.com/charisthaw/repo-github.git/'
]0;root@devops: /home/charistha/hari1/repo-githubroot@devops:/home/charistha/hari1/repo-github# git push origin testing
Username for 'https://github.com': charisthaw
Password for 'https://charisthaw@github.com': 
Total 0 (delta 0), reused 0 (delta 0)
remote: 
remote: Create a pull request for 'testing' on GitHub by visiting:[K
remote:      https://github.com/charisthaw/repo-github/pull/new/testing[K
remote: 
To https://github.com/charisthaw/repo-github.git
 * [new branch]      testing -> testing
]0;root@devops: /home/charistha/hari1/repo-githubroot@devops:/home/charistha/hari1/repo-github# 
]0;root@devops: /home/charistha/hari1/repo-githubroot@devops:/home/cha